// Jest Snapshot v1, https://goo.gl/fbAQLP

exports[`MenuDesktop Check that MenuDesktop renders correctly 1`] = `
<div>
  <div
    class="hidden w-36 overflow-y-auto bg-primary-700 md:block"
  >
    <div
      class="flex w-full flex-col items-center py-6"
    >
      <div
        class="flex flex-shrink-0 items-center"
      >
        <img
          alt="Your Company"
          class="h-12 w-auto"
          src="ruta/de/la/imagen.jpg"
        />
      </div>
      <div
        class="mt-6 w-full flex-1 space-y-1 px-2"
      >
        <a
          class="text-primary-100 hover:bg-primary-800 hover:text-white group w-full p-3 rounded-md flex flex-col items-center text-xs font-medium"
          href="/"
        >
          <span
            class="mt-2"
          >
            Home
          </span>
        </a>
        <a
          class="text-primary-100 hover:bg-primary-800 hover:text-white group w-full p-3 rounded-md flex flex-col items-center text-xs font-medium"
          href="/about"
        >
          <span
            class="mt-2"
          >
            About
          </span>
        </a>
      </div>
    </div>
    <img
      alt="Your Company"
      class="w-36 absolute bottom-0"
      src="ruta/de/la/imagen.jpg"
    />
  </div>
</div>
`;
